[2026-06-10 15:42:41][INFO] Loading resources...
[2026-06-10 15:42:41][FINE] Loading resources from: mods/bluemap-5.20-fabric.jar ...
[2026-06-10 15:42:41][FINE] Loading resources from: mods/Chunky-Fabric-1.5.3.jar ...
[2026-06-10 15:42:41][FINE] Loading resources from: mods/fabric-api-0.151.0+26.1.2.jar ...
[2026-06-10 15:42:41][FINE] Loading resources from: mods/iris-fabric-1.10.9+mc26.1.1.jar ...
[2026-06-10 15:42:41][FINE] Loading resources from: mods/lithium-fabric-0.24.5+mc26.1.2.jar ...
[2026-06-10 15:42:41][FINE] Loading resources from: mods/LuckPerms-Fabric-5.5.54.jar ...
[2026-06-10 15:42:41][FINE] Loading resources from: mods/sodium-fabric-0.8.9+mc26.1.1.jar ...
[2026-06-10 15:42:41][FINE] Loading resources from: mods/spark-1.10.172-fabric.jar ...
[2026-06-10 15:42:41][FINE] Loading resources from: mods/styled-chat-2.12.0+26.1.2.jar ...
[2026-06-10 15:42:41][FINE] Loading resources from: mods/voicechat-fabric-2.6.18+26.1.2.jar ...
[2026-06-10 15:42:41][FINE] Loading resources from: bluemap/resourceExtensions.zip ...
[2026-06-10 15:42:41][FINE] Loading resources from: bluemap/minecraft-client-26.1.2.jar ...
[2026-06-10 15:42:42][FINE] Collecting texture-keys...
[2026-06-10 15:42:42][FINE] Found 2039 texture-keys.
[2026-06-10 15:42:42][FINE] Loading textures from: mods/bluemap-5.20-fabric.jar ...
[2026-06-10 15:42:42][FINE] Loading textures from: mods/Chunky-Fabric-1.5.3.jar ...
[2026-06-10 15:42:42][FINE] Loading textures from: mods/fabric-api-0.151.0+26.1.2.jar ...
[2026-06-10 15:42:42][FINE] Loading textures from: mods/iris-fabric-1.10.9+mc26.1.1.jar ...
[2026-06-10 15:42:42][FINE] Loading textures from: mods/lithium-fabric-0.24.5+mc26.1.2.jar ...
[2026-06-10 15:42:42][FINE] Loading textures from: mods/LuckPerms-Fabric-5.5.54.jar ...
[2026-06-10 15:42:42][FINE] Loading textures from: mods/sodium-fabric-0.8.9+mc26.1.1.jar ...
[2026-06-10 15:42:42][FINE] Loading textures from: mods/spark-1.10.172-fabric.jar ...
[2026-06-10 15:42:42][FINE] Loading textures from: mods/styled-chat-2.12.0+26.1.2.jar ...
[2026-06-10 15:42:42][FINE] Loading textures from: mods/voicechat-fabric-2.6.18+26.1.2.jar ...
[2026-06-10 15:42:42][FINE] Loading textures from: bluemap/resourceExtensions.zip ...
[2026-06-10 15:42:42][FINE] Loading textures from: bluemap/minecraft-client-26.1.2.jar ...
[2026-06-10 15:42:43][FINE] Baking resources...
[2026-06-10 15:42:43][INFO] Resources loaded.
[2026-06-10 15:42:43][FINE] Loading world world#minecraft:overworld ...
[2026-06-10 15:42:43][FINE] Loading datapack...
[2026-06-10 15:42:43][FINE] Loading datapack from: mods/bluemap-5.20-fabric.jar ...
[2026-06-10 15:42:43][FINE] Loading datapack from: mods/Chunky-Fabric-1.5.3.jar ...
[2026-06-10 15:42:43][FINE] Loading datapack from: mods/fabric-api-0.151.0+26.1.2.jar ...
[2026-06-10 15:42:43][FINE] Loading datapack from: mods/iris-fabric-1.10.9+mc26.1.1.jar ...
[2026-06-10 15:42:43][FINE] Loading datapack from: mods/lithium-fabric-0.24.5+mc26.1.2.jar ...
[2026-06-10 15:42:43][FINE] Loading datapack from: mods/LuckPerms-Fabric-5.5.54.jar ...
[2026-06-10 15:42:43][FINE] Loading datapack from: mods/sodium-fabric-0.8.9+mc26.1.1.jar ...
[2026-06-10 15:42:43][FINE] Loading datapack from: mods/spark-1.10.172-fabric.jar ...
[2026-06-10 15:42:43][FINE] Loading datapack from: mods/styled-chat-2.12.0+26.1.2.jar ...
[2026-06-10 15:42:43][FINE] Loading datapack from: mods/voicechat-fabric-2.6.18+26.1.2.jar ...
[2026-06-10 15:42:43][FINE] Loading datapack from: bluemap/resourceExtensions.zip ...
[2026-06-10 15:42:43][FINE] Loading datapack from: bluemap/minecraft-client-26.1.2.jar ...
[2026-06-10 15:42:43][FINE] Baking datapack...
[2026-06-10 15:42:43][FINE] Datapack loaded.
[2026-06-10 15:42:43][INFO] Initializing Storage: 'file' (Type: 'bluemap:file')
[2026-06-10 15:42:43][INFO] Loading map 'world'...
[2026-06-10 15:42:43][FINE] Loading render-state for map 'world'
[2026-06-10 15:42:43][FINE] Loading textures for map 'world'
[2026-06-10 15:42:43][FINE] Loading world world#minecraft:the_end ...
[2026-06-10 15:42:43][FINE] Loading datapack...
[2026-06-10 15:42:43][FINE] Loading datapack from: mods/bluemap-5.20-fabric.jar ...
[2026-06-10 15:42:43][FINE] Loading datapack from: mods/Chunky-Fabric-1.5.3.jar ...
[2026-06-10 15:42:44][FINE] Loading datapack from: mods/fabric-api-0.151.0+26.1.2.jar ...
[2026-06-10 15:42:44][FINE] Loading datapack from: mods/iris-fabric-1.10.9+mc26.1.1.jar ...
[2026-06-10 15:42:44][FINE] Loading datapack from: mods/lithium-fabric-0.24.5+mc26.1.2.jar ...
[2026-06-10 15:42:44][FINE] Loading datapack from: mods/LuckPerms-Fabric-5.5.54.jar ...
[2026-06-10 15:42:44][FINE] Loading datapack from: mods/sodium-fabric-0.8.9+mc26.1.1.jar ...
[2026-06-10 15:42:44][FINE] Loading datapack from: mods/spark-1.10.172-fabric.jar ...
[2026-06-10 15:42:44][FINE] Loading datapack from: mods/styled-chat-2.12.0+26.1.2.jar ...
[2026-06-10 15:42:44][FINE] Loading datapack from: mods/voicechat-fabric-2.6.18+26.1.2.jar ...
[2026-06-10 15:42:44][FINE] Loading datapack from: bluemap/resourceExtensions.zip ...
[2026-06-10 15:42:44][FINE] Loading datapack from: bluemap/minecraft-client-26.1.2.jar ...
[2026-06-10 15:42:44][FINE] Baking datapack...
[2026-06-10 15:42:44][FINE] Datapack loaded.
[2026-06-10 15:42:44][INFO] Loading map 'world_the_end'...
[2026-06-10 15:42:44][FINE] Loading render-state for map 'world_the_end'
[2026-06-10 15:42:44][FINE] Loading textures for map 'world_the_end'
[2026-06-10 15:42:44][FINE] Loading world world#minecraft:the_nether ...
[2026-06-10 15:42:44][FINE] Loading datapack...
[2026-06-10 15:42:44][FINE] Loading datapack from: mods/bluemap-5.20-fabric.jar ...
[2026-06-10 15:42:44][FINE] Loading datapack from: mods/Chunky-Fabric-1.5.3.jar ...
[2026-06-10 15:42:44][FINE] Loading datapack from: mods/fabric-api-0.151.0+26.1.2.jar ...
[2026-06-10 15:42:44][FINE] Loading datapack from: mods/iris-fabric-1.10.9+mc26.1.1.jar ...
[2026-06-10 15:42:44][FINE] Loading datapack from: mods/lithium-fabric-0.24.5+mc26.1.2.jar ...
[2026-06-10 15:42:44][FINE] Loading datapack from: mods/LuckPerms-Fabric-5.5.54.jar ...
[2026-06-10 15:42:44][FINE] Loading datapack from: mods/sodium-fabric-0.8.9+mc26.1.1.jar ...
[2026-06-10 15:42:44][FINE] Loading datapack from: mods/spark-1.10.172-fabric.jar ...
[2026-06-10 15:42:44][FINE] Loading datapack from: mods/styled-chat-2.12.0+26.1.2.jar ...
[2026-06-10 15:42:44][FINE] Loading datapack from: mods/voicechat-fabric-2.6.18+26.1.2.jar ...
[2026-06-10 15:42:44][FINE] Loading datapack from: bluemap/resourceExtensions.zip ...
[2026-06-10 15:42:44][FINE] Loading datapack from: bluemap/minecraft-client-26.1.2.jar ...
[2026-06-10 15:42:44][FINE] Baking datapack...
[2026-06-10 15:42:44][FINE] Datapack loaded.
[2026-06-10 15:42:44][INFO] Loading map 'world_the_nether'...
[2026-06-10 15:42:44][FINE] Loading render-state for map 'world_the_nether'
[2026-06-10 15:42:44][FINE] Loading textures for map 'world_the_nether'
[2026-06-10 15:42:44][INFO] WebServer bound to all network interfaces on port 8100
[2026-06-10 15:42:44][INFO] WebServer started.
[2026-06-10 15:42:44][FINE] Started watching map 'world' for updates...
[2026-06-10 15:42:44][FINE] Started watching map 'world_the_end' for updates...
[2026-06-10 15:42:44][FINE] Started watching map 'world_the_nether' for updates...
[2026-06-10 15:42:44][INFO] BlueMap loaded!
